Gym has been unmaintained since 2022 and does not support NumPy 2.0 amongst other critical functionality.
Please upgrade to Gymnasium, the maintained drop-in replacement of Gym, or contact the authors of your software and request that they upgrade.
Users of this version of Gym should be able to simply replace 'import gym' with 'import gymnasium as gym' in the vast majority of cases.
See the migration guide at https://gymnasium.farama.org/introduction/migration_guide/ for additional information.

===== E1: PER-TICK MECHANISM (step=58593, boards=128, S=100, D=3, trained K=4, run K=12, gamma=0.97) =====

-- (A) decodable value field + plan + change-front (probe of top_h per tick) --
   value R^2 (BFS dist-to-target) : [0.27 0.25 0.23 0.22 0.22 0.21 0.20 0.21 0.21 0.21 0.22 0.22]  (0.27 -> 0.22)
   plan acc (greedy dir, ch=.25)  : [0.51 0.48 0.47 0.46 0.45 0.47 0.47 0.47 0.47 0.47 0.47 0.48]  (0.51 -> 0.48)
   change-front dist-from-goal    : [2.16 2.13 2.11 2.08 2.04 2.04 2.07 2.05 2.10 2.06 2.08]  (no outward trend)

-- (B) attention operator A_t over ticks (top cell, head-avg) --
   top-1 entmax mass / query      : [0.157 0.158 0.157 0.157 0.156 0.157 0.157 0.157 0.157 0.156 0.157 0.157]  (stationary)
   entmax support (#keys>1e-6)    : [69.44 62.47 64.23 63.56 63.01 62.71 62.45 62.58 62.40 62.45 62.56 62.47]
   row-cosine cos(A_t, A_t-1)     : [0.961 0.978 0.986 0.991 0.993 0.995 0.996 0.997 0.998 0.998 0.998]  (stationary (>0.9))

-- (C) convergence of the hidden over ticks --
   ||dh_t|| / ||h_t|| per tick    : [0.506 0.360 0.280 0.224 0.188 0.161 0.135 0.116 0.100 0.087 0.077]
   ||h_t - h_final||              : [1.061 0.839 0.716 0.601 0.515 0.449 0.388 0.325 0.262 0.195 0.121 0.000]
   median contraction rho (t>=Ktr): 0.857   -> effective horizon ~1/(1-rho) = 7.0 ticks  (gamma=0.97 would need ~151 from scratch)

-- (D) value WAVEFRONT: R^2(decoded V*) within distance-to-goal bands, per tick --
    tick d1-2  d3-5  d6-8  d9-99
       0 -3.62 -1.34 -26.69    . 
       1 -3.47 -1.50 -23.70    . 
       2 -3.40 -1.63 -23.58    . 
       3 -3.24 -1.59 -22.72    . 
       4 -3.25 -1.56 -23.00    . 
       5 -3.35 -1.65 -23.52    . 
       6 -3.43 -1.70 -24.22    . 
       7 -3.46 -1.65 -23.92    . 
       8 -3.50 -1.61 -23.81    . 
       9 -3.49 -1.66 -23.84    . 
      10 -3.47 -1.67 -23.67    . 
      11 -3.48 -1.64 -23.76    . 
   first tick R^2>0.3 per band     : [-1, -1, -1, -1]   (simultaneous / no clear wavefront)

-- (E) own-operator propagation: v_t ~ a*(A_t-1 v_t-1) + b*v_t-1 + c --
   per-tick (a on A v | b on v | R^2): t1:(+0.06|+1.04|0.58) t2:(+0.09|+0.98|0.84) t3:(+0.02|+0.96|0.89) t4:(+0.01|+0.97|0.93) t5:(+0.03|+0.97|0.95) t6:(-0.00|+0.98|0.96) t7:(+0.00|+0.98|0.97) t8:(+0.01|+0.98|0.98) t9:(-0.01|+0.99|0.98) t10:(-0.00|+0.99|0.99)
   settled mean: coeff on (A v) = +0.02  (a damped-propagation coeff in (0,1) supports c<-gamma_eff A c + r),  R^2 = 0.94

-- VERDICT --
   attention operator: STATIONARY -> fixed transition (policy-evaluation / SR), NOT value iteration
   value computation : flat / amortized substrate (little inference-time iteration)
   contraction       : rho=0.86 << gamma=0.97 -> AMORTIZED: a few refinement sweeps of a compiled operator, not a from-scratch solve
================================================================================================

