Gym has been unmaintained since 2022 and does not support NumPy 2.0 amongst other critical functionality.
Please upgrade to Gymnasium, the maintained drop-in replacement of Gym, or contact the authors of your software and request that they upgrade.
Users of this version of Gym should be able to simply replace 'import gym' with 'import gymnasium as gym' in the vast majority of cases.
See the migration guide at https://gymnasium.farama.org/introduction/migration_guide/ for additional information.
2026-06-25 08:06:10.797057: W external/xla/xla/service/gpu/nvptx_compiler.cc:930] The NVIDIA driver's CUDA version is 12.8 which is older than the PTX compiler version 12.9.86. Because the driver is older than the PTX compiler version, XLA is disabling parallel compilation, which may slow down compilation. You should update your NVIDIA driver or use the NVIDIA-provided CUDA forward compatibility packages.

===== E12: DOES THE PLAN EXPAND OUTWARD? (step=58593, boards=192, test=39, K=8, chance 0.25) =====
  decoded-action ACCURACY by distance-to-goal band, per tick:
     tick \ band    d1-2   d3-5   d6-8   d9-+
        1         0.49   0.60   0.53   0.49
        2         0.51   0.59   0.53   0.49
        3         0.47   0.53   0.51   0.44
        4         0.47   0.52   0.47   0.42
        5         0.47   0.55   0.49   0.43
        6         0.49   0.55   0.50   0.46
        7         0.50   0.53   0.49   0.43
        8         0.51   0.54   0.48   0.46
  GOALWARD fraction by band, per tick:
        1         0.56   0.68   0.60   0.57
        2         0.55   0.66   0.57   0.56
        3         0.52   0.62   0.55   0.51
        4         0.53   0.60   0.52   0.49
        5         0.52   0.65   0.56   0.51
        6         0.56   0.64   0.56   0.52
        7         0.56   0.61   0.54   0.49
        8         0.58   0.63   0.53   0.53
  per-band change tick1->K (accuracy):
       d1-2: 0.49 -> 0.51  (delta +0.02)
       d3-5: 0.60 -> 0.54  (delta -0.06)
       d6-8: 0.53 -> 0.48  (delta -0.06)
       d9-+: 0.49 -> 0.46  (delta -0.03)
  first tick goalward>0.5 per band: [1, 1, 1, 1]  (simultaneous / no clear outward frontier)
PLOT_E12={'bands': ['d1-2', 'd3-5', 'd6-8', 'd9-+'], 'acc': [[0.485, 0.6, 0.534, 0.494], [0.507, 0.595, 0.53, 0.487], [0.471, 0.532, 0.512, 0.438], [0.474, 0.521, 0.47, 0.425], [0.471, 0.55, 0.491, 0.431], [0.493, 0.553, 0.498, 0.456], [0.496, 0.532, 0.491, 0.431], [0.507, 0.539, 0.477, 0.463]], 'gw': [[0.562, 0.682, 0.605, 0.572], [0.551, 0.658, 0.566, 0.559], [0.522, 0.616, 0.548, 0.509], [0.533, 0.6, 0.523, 0.494], [0.522, 0.647, 0.555, 0.509], [0.562, 0.637, 0.555, 0.522], [0.562, 0.613, 0.544, 0.494], [0.58, 0.629, 0.534, 0.525]], 'onset': [1, 1, 1, 1]}
============================================================================================

