Gym has been unmaintained since 2022 and does not support NumPy 2.0 amongst other critical functionality.
Please upgrade to Gymnasium, the maintained drop-in replacement of Gym, or contact the authors of your software and request that they upgrade.
Users of this version of Gym should be able to simply replace 'import gym' with 'import gymnasium as gym' in the vast majority of cases.
See the migration guide at https://gymnasium.farama.org/introduction/migration_guide/ for additional information.
2026-06-25 07:21:45.127889: W external/xla/xla/service/gpu/nvptx_compiler.cc:930] The NVIDIA driver's CUDA version is 12.8 which is older than the PTX compiler version 12.9.86. Because the driver is older than the PTX compiler version, XLA is disabling parallel compilation, which may slow down compilation. You should update your NVIDIA driver or use the NVIDIA-provided CUDA forward compatibility packages.

===== PLAN-ONSET: action divergence vs (distance d x tick) (step=58593, B=768, perts=4918, K=12, K_train=4, RF>=4.0px) =====

  --- on-path perturbations ---
    d   n   lat_onset  act_onset   act_change_rate_by_tick (1..K)
     4  88      2.0        1.0     [0.15 0.14 0.18 0.16 0.15 0.18 0.17 0.18 0.18 0.23 0.19 0.17]
     5  97      3.0        4.0     [0.06 0.05 0.09 0.13 0.14 0.14 0.13 0.13 0.15 0.22 0.20 0.23]
     6 115      3.0        5.0     [0.06 0.04 0.04 0.09 0.10 0.12 0.10 0.13 0.16 0.17 0.20 0.21]
     7  91      4.0        5.0     [0.03 0.03 0.04 0.05 0.07 0.08 0.10 0.09 0.11 0.09 0.12 0.12]
     8  68      4.0        3.0     [0.03 0.03 0.04 0.06 0.06 0.06 0.06 0.09 0.06 0.07 0.07 0.07]
     9  48      4.0        2.0     [0.02 0.06 0.08 0.08 0.06 0.02 0.04 0.08 0.08 0.06 0.10 0.12]

  --- off-path perturbations ---
    d   n   lat_onset  act_onset   act_change_rate_by_tick (1..K)
     3 276      3.0        2.0     [0.08 0.09 0.07 0.06 0.13 0.13 0.13 0.12 0.15 0.16 0.15 0.16]
     4 559      3.0        1.0     [0.05 0.05 0.05 0.04 0.07 0.07 0.08 0.07 0.08 0.07 0.09 0.09]
     5 712      3.0        1.0     [0.05 0.03 0.04 0.03 0.05 0.04 0.06 0.06 0.06 0.07 0.08 0.08]
     6 741      3.0        1.0     [0.04 0.02 0.03 0.03 0.03 0.04 0.05 0.05 0.05 0.06 0.07 0.07]
     7 741      4.0        1.0     [0.05 0.02 0.03 0.03 0.03 0.03 0.05 0.06 0.06 0.08 0.08 0.08]
     8 712      4.0        1.0     [0.04 0.01 0.02 0.02 0.03 0.03 0.05 0.05 0.06 0.07 0.06 0.07]
     9 670      4.0        1.0     [0.04 0.02 0.02 0.02 0.02 0.03 0.04 0.04 0.05 0.06 0.06 0.06]

  on-path: distances tested = [4, 5, 6, 7, 8, 9]
    latent onset(d)  = [2.00 3.00 3.00 4.00 4.00 4.00]   slope vs d = +0.40 ticks/hop
    action onset(d)  = [1.00 4.00 5.00 5.00 3.00 2.00]   slope vs d = +0.06 ticks/hop
    action change @ settled, by d = [0.17 0.23 0.21 0.12 0.07 0.12]
    (control) off-path action change @ settled, by d = [0.16 0.09 0.08 0.07 0.08 0.07 0.06]
  on-minus-off action-change (decision-relevant excess) + its onset:
    d= 4: excess [0.10 0.08 0.13 0.12 0.08 0.12 0.09 0.11 0.10 0.15 0.10 0.08]  onset=1.0
    d= 5: excess [0.01 0.02 0.06 0.10 0.09 0.10 0.08 0.08 0.10 0.15 0.12 0.15]  onset=4.0
    d= 6: excess [0.02 0.02 0.01 0.06 0.07 0.09 0.05 0.08 0.11 0.11 0.13 0.14]  onset=5.0
    d= 7: excess [-0.02 0.01 0.02 0.02 0.04 0.04 0.05 0.03 0.04 0.01 0.04 0.04]  onset= . 
    d= 8: excess [-0.01 0.02 0.03 0.04 0.03 0.03 0.01 0.03 0.00 0.00 0.01 0.00]  onset= . 
    d= 9: excess [-0.01 0.04 0.07 0.07 0.04 -0.00 0.01 0.04 0.03 -0.00 0.05 0.07]  onset= . 
    decision-relevant onset slope vs d = +2.00 ticks/hop  (over d=[4, 5, 6])
  --> action onset RISES with distance (staggered inward arrival = decision-time planning): YES
PLOT_ONSET={'ds': [4, 5, 6, 7, 8, 9], 'lat_onset': [2.0, 3.0, 3.0, 4.0, 4.0, 4.0], 'act_onset': [1.0, 4.0, 5.0, 5.0, 3.0, 2.0], 'act_rate_on': {4: [0.148, 0.136, 0.182, 0.159, 0.148, 0.182, 0.17, 0.182, 0.182, 0.227, 0.193, 0.17], 5: [0.062, 0.052, 0.093, 0.134, 0.144, 0.144, 0.134, 0.134, 0.155, 0.216, 0.196, 0.227], 6: [0.061, 0.043, 0.043, 0.087, 0.104, 0.122, 0.096, 0.13, 0.157, 0.174, 0.2, 0.209], 7: [0.033, 0.033, 0.044, 0.055, 0.066, 0.077, 0.099, 0.088, 0.11, 0.088, 0.121, 0.121], 8: [0.029, 0.029, 0.044, 0.059, 0.059, 0.059, 0.059, 0.088, 0.059, 0.074, 0.074, 0.074], 9: [0.021, 0.062, 0.083, 0.083, 0.062, 0.021, 0.042, 0.083, 0.083, 0.062, 0.104, 0.125]}, 'lat_on': {4: [0.147, 0.282, 0.42, 0.472, 0.508, 0.524, 0.542, 0.546, 0.549, 0.559, 0.556, 0.562], 5: [0.092, 0.211, 0.331, 0.39, 0.445, 0.463, 0.482, 0.495, 0.5, 0.511, 0.516, 0.524], 6: [0.058, 0.151, 0.247, 0.313, 0.355, 0.38, 0.41, 0.428, 0.436, 0.45, 0.46, 0.468], 7: [0.043, 0.116, 0.185, 0.242, 0.274, 0.304, 0.339, 0.358, 0.375, 0.389, 0.397, 0.403], 8: [0.046, 0.114, 0.174, 0.237, 0.273, 0.307, 0.321, 0.344, 0.363, 0.376, 0.382, 0.393], 9: [0.039, 0.095, 0.157, 0.201, 0.24, 0.259, 0.273, 0.297, 0.316, 0.33, 0.341, 0.35]}, 'act_rate_off': {3: [0.076, 0.091, 0.069, 0.062, 0.13, 0.127, 0.127, 0.123, 0.149, 0.159, 0.152, 0.156], 4: [0.052, 0.052, 0.054, 0.041, 0.066, 0.066, 0.084, 0.068, 0.079, 0.073, 0.091, 0.093], 5: [0.049, 0.028, 0.037, 0.034, 0.049, 0.045, 0.058, 0.058, 0.06, 0.07, 0.08, 0.081], 6: [0.043, 0.024, 0.031, 0.026, 0.031, 0.036, 0.051, 0.053, 0.049, 0.065, 0.07, 0.07], 7: [0.049, 0.019, 0.027, 0.034, 0.031, 0.032, 0.049, 0.057, 0.065, 0.076, 0.077, 0.078], 8: [0.042, 0.014, 0.017, 0.02, 0.027, 0.032, 0.046, 0.053, 0.059, 0.069, 0.065, 0.07], 9: [0.036, 0.018, 0.018, 0.016, 0.024, 0.025, 0.037, 0.04, 0.051, 0.064, 0.055, 0.055]}, 'diff_curve': {4: [0.096, 0.084, 0.128, 0.118, 0.082, 0.116, 0.086, 0.114, 0.103, 0.154, 0.102, 0.077], 5: [0.013, 0.024, 0.056, 0.1, 0.095, 0.099, 0.076, 0.076, 0.095, 0.146, 0.116, 0.146], 6: [0.018, 0.019, 0.012, 0.061, 0.073, 0.086, 0.045, 0.077, 0.108, 0.109, 0.13, 0.139], 7: [-0.016, 0.014, 0.017, 0.021, 0.035, 0.045, 0.05, 0.031, 0.045, 0.012, 0.044, 0.043], 8: [-0.013, 0.015, 0.027, 0.039, 0.032, 0.027, 0.013, 0.035, 0.0, 0.005, 0.009, 0.004], 9: [-0.015, 0.044, 0.065, 0.067, 0.038, -0.004, 0.005, 0.043, 0.032, -0.002, 0.049, 0.07]}, 'diff_onset': {4: 1.0, 5: 4.0, 6: 5.0, 7: None, 8: None, 9: None}, 'act_final_on': [0.17, 0.227, 0.209, 0.121, 0.074, 0.125], 'act_final_off': [0.156, 0.093, 0.081, 0.07, 0.078, 0.07, 0.055], 'off_ds': [3, 4, 5, 6, 7, 8, 9], 'Ktr': 4, 'slope_lat': 0.4, 'slope_act': 0.057, 'slope_diff': 2.0}
====================================================================================================

