Gym has been unmaintained since 2022 and does not support NumPy 2.0 amongst other critical functionality.
Please upgrade to Gymnasium, the maintained drop-in replacement of Gym, or contact the authors of your software and request that they upgrade.
Users of this version of Gym should be able to simply replace 'import gym' with 'import gymnasium as gym' in the vast majority of cases.
See the migration guide at https://gymnasium.farama.org/introduction/migration_guide/ for additional information.
2026-06-25 07:46:31.586596: W external/xla/xla/service/gpu/nvptx_compiler.cc:930] The NVIDIA driver's CUDA version is 12.8 which is older than the PTX compiler version 12.9.86. Because the driver is older than the PTX compiler version, XLA is disabling parallel compilation, which may slow down compilation. You should update your NVIDIA driver or use the NVIDIA-provided CUDA forward compatibility packages.

===== PLAN-FRONT: inward latent propagation front (step=58593, boards~180, K=8, Ktr=4, RF-gate cheb>=4) =====

  --- on_path source (path-lengthening, decision-relevant) ---
    j(hops from source)  n     arrival(<=Ktr)   ||dh|| by tick (1..K)
       4    70        2.0        [0.13 0.27 0.35 0.41 0.44 0.46 0.49 0.52]
       5   110        2.0        [0.10 0.22 0.32 0.39 0.42 0.45 0.48 0.50]
       6   150        2.0        [0.07 0.17 0.26 0.33 0.36 0.38 0.41 0.43]
       7   136        3.0        [0.05 0.13 0.21 0.27 0.30 0.32 0.34 0.36]
       8   106        2.0        [0.05 0.12 0.18 0.24 0.28 0.30 0.33 0.34]
       9    73        3.0        [0.04 0.11 0.18 0.23 0.24 0.27 0.29 0.33]
      10    53        2.0        [0.05 0.12 0.19 0.22 0.25 0.28 0.31 0.33]
      11    37        2.0        [0.05 0.13 0.17 0.24 0.26 0.29 0.32 0.33]
      12    28        2.0        [0.05 0.11 0.16 0.21 0.25 0.29 0.30 0.32]
    arrival-vs-j slope = +0.00 ticks/hop   95% CI [-0.03, +0.13]   (positive + CI>0 => inward FRONT, not settling)

  --- off_path source (cosmetic control) ---
    j(hops from source)  n     arrival(<=Ktr)   ||dh|| by tick (1..K)
       2    53        2.0        [0.06 0.09 0.15 0.17 0.19 0.21 0.23 0.24]
       3    97        2.0        [0.05 0.10 0.15 0.17 0.19 0.20 0.22 0.24]
       4   127        2.0        [0.04 0.08 0.12 0.15 0.18 0.19 0.21 0.23]
       5   153        2.0        [0.04 0.08 0.11 0.14 0.16 0.18 0.21 0.22]
       6   163        2.0        [0.03 0.07 0.11 0.14 0.16 0.18 0.20 0.21]
       7   128        2.0        [0.03 0.07 0.10 0.13 0.15 0.16 0.18 0.19]
       8   102        2.0        [0.03 0.07 0.10 0.13 0.15 0.16 0.18 0.20]
       9    68        3.0        [0.03 0.05 0.09 0.11 0.13 0.15 0.17 0.19]
      10    49        2.0        [0.03 0.06 0.09 0.11 0.13 0.14 0.16 0.17]
      11    31        3.0        [0.03 0.06 0.09 0.12 0.13 0.14 0.16 0.18]
      12    24        3.0        [0.03 0.05 0.08 0.11 0.13 0.15 0.20 0.21]
    arrival-vs-j slope = +0.10 ticks/hop   95% CI [+0.02, +0.14]   (positive + CI>0 => inward FRONT, not settling)

  agent-cell ||dh|| (the front's destination):
     on-path : [0.05 0.13 0.20 0.26 0.29 0.31 0.33 0.35]   arrival=2.0
     off-path: [0.03 0.07 0.10 0.12 0.14 0.16 0.17 0.18]   arrival=2.0

  --> inward FRONT present (arrival rises with hops-from-source, CI>0): NOT clearly
      discriminates propagation from generic settling (which gives slope~0 / flat arrival).
PLOT_FRONT={'on': {'js': [4, 5, 6, 7, 8, 9, 10, 11, 12], 'arr': {4: 2.0, 5: 2.0, 6: 2.0, 7: 3.0, 8: 2.0, 9: 3.0, 10: 2.0, 11: 2.0, 12: 2.0}, 'means': {4: [0.128, 0.272, 0.346, 0.409, 0.44, 0.464, 0.49, 0.517], 5: [0.101, 0.219, 0.318, 0.386, 0.417, 0.454, 0.476, 0.498], 6: [0.073, 0.171, 0.26, 0.326, 0.36, 0.379, 0.408, 0.427], 7: [0.055, 0.131, 0.211, 0.272, 0.296, 0.32, 0.345, 0.362], 8: [0.049, 0.119, 0.181, 0.238, 0.276, 0.304, 0.326, 0.339], 9: [0.044, 0.108, 0.179, 0.226, 0.242, 0.272, 0.288, 0.326], 10: [0.051, 0.12, 0.186, 0.224, 0.248, 0.284, 0.314, 0.326], 11: [0.048, 0.126, 0.17, 0.237, 0.259, 0.29, 0.323, 0.329], 12: [0.051, 0.109, 0.161, 0.21, 0.25, 0.286, 0.303, 0.32]}, 'slope': 0.0, 'ci': [-0.033, 0.133]}, 'off': {'js': [2, 3, 4, 5, 6, 7, 8, 9, 10, 11, 12], 'arr': {2: 2.0, 3: 2.0, 4: 2.0, 5: 2.0, 6: 2.0, 7: 2.0, 8: 2.0, 9: 3.0, 10: 2.0, 11: 3.0, 12: 3.0}, 'means': {2: [0.062, 0.094, 0.146, 0.17, 0.187, 0.211, 0.231, 0.244], 3: [0.046, 0.097, 0.146, 0.171, 0.188, 0.2, 0.221, 0.237], 4: [0.039, 0.083, 0.121, 0.153, 0.178, 0.192, 0.214, 0.227], 5: [0.036, 0.077, 0.115, 0.143, 0.165, 0.182, 0.206, 0.22], 6: [0.035, 0.073, 0.11, 0.137, 0.16, 0.177, 0.198, 0.21], 7: [0.031, 0.074, 0.104, 0.126, 0.147, 0.159, 0.18, 0.192], 8: [0.032, 0.069, 0.1, 0.127, 0.148, 0.164, 0.181, 0.196], 9: [0.027, 0.053, 0.087, 0.112, 0.131, 0.151, 0.167, 0.189], 10: [0.032, 0.061, 0.088, 0.109, 0.127, 0.144, 0.162, 0.17], 11: [0.026, 0.059, 0.09, 0.118, 0.129, 0.137, 0.159, 0.179], 12: [0.026, 0.047, 0.08, 0.112, 0.129, 0.154, 0.197, 0.213]}, 'slope': 0.1, 'ci': [0.018, 0.136]}, 'n_on': 180, 'n_off': 177, 'Ktr': 4, 'agent_on': [0.05, 0.133, 0.205, 0.258, 0.295, 0.314, 0.334, 0.351], 'agent_off': [0.03, 0.069, 0.098, 0.122, 0.143, 0.158, 0.17, 0.184]}
====================================================================================================

